WARNING: dzn is not a conformant Vulkan implementation, testing use only.
[ 872935.962]  -> wl_display@1.get_registry(new id wl_registry@2)
[ 872936.494] wl_registry@2.global(1, "wl_compositor", 4)
[ 872937.155] wl_registry@2.global(2, "wl_subcompositor", 1)
[ 872937.536] wl_registry@2.global(3, "wp_viewporter", 1)
[ 872937.907] wl_registry@2.global(4, "zxdg_output_manager_v1", 2)
[ 872938.254] wl_registry@2.global(5, "wp_presentation", 1)
[ 872938.577] wl_registry@2.global(6, "zwp_relative_pointer_manager_v1", 1)
[ 872938.863] wl_registry@2.global(7, "zwp_pointer_constraints_v1", 1)
[ 872939.155] wl_registry@2.global(8, "zwp_input_timestamps_manager_v1", 1)
[ 872940.828] wl_registry@2.global(9, "wl_data_device_manager", 3)
[ 872941.623] wl_registry@2.global(10, "wl_shm", 1)
[ 872942.358] wl_registry@2.global(11, "wl_output", 3)
[ 872942.791] wl_registry@2.global(12, "zwp_input_panel_v1", 1)
[ 872943.097] wl_registry@2.global(13, "zwp_text_input_manager_v1", 1)
[ 872943.392] wl_registry@2.global(14, "xdg_wm_base", 1)
[ 872943.727] wl_registry@2.global(15, "zxdg_shell_v6", 1)
[ 872944.037] wl_registry@2.global(16, "wl_shell", 1)
[ 872944.334] wl_registry@2.global(17, "weston_rdprail_shell", 1)
[ 872946.293] wl_registry@2.global(18, "weston_screenshooter", 1)
[ 872946.631] wl_registry@2.global(19, "wl_seat", 7)
[ 872946.928] wl_registry@2.global(20, "zwp_input_method_v1", 1)
[ 872947.229] wl_registry@2.global(21, "wl_output", 3)
[ 872947.519]  -> wl_display@1.sync(new id wl_callback@3)
[ 872947.955] wl_display@1.delete_id(3)
[ 872948.299] wl_callback@3.done(27)
[ 872949.137]  -> wl_display@1.get_registry(new id wl_registry@2)
[ 872949.630] wl_registry@2.global(1, "wl_compositor", 4)
[ 872949.970] wl_registry@2.global(2, "wl_subcompositor", 1)
[ 872950.270] wl_registry@2.global(3, "wp_viewporter", 1)
[ 872950.580] wl_registry@2.global(4, "zxdg_output_manager_v1", 2)
[ 872950.897] wl_registry@2.global(5, "wp_presentation", 1)
[ 872951.187] wl_registry@2.global(6, "zwp_relative_pointer_manager_v1", 1)
[ 872951.456] wl_registry@2.global(7, "zwp_pointer_constraints_v1", 1)
[ 872951.781] wl_registry@2.global(8, "zwp_input_timestamps_manager_v1", 1)
[ 872952.079] wl_registry@2.global(9, "wl_data_device_manager", 3)
[ 872952.377] wl_registry@2.global(10, "wl_shm", 1)
[ 872952.660] wl_registry@2.global(11, "wl_output", 3)
[ 872952.984] wl_registry@2.global(12, "zwp_input_panel_v1", 1)
[ 872953.330] wl_registry@2.global(13, "zwp_text_input_manager_v1", 1)
[ 872953.630] wl_registry@2.global(14, "xdg_wm_base", 1)
[ 872953.912] wl_registry@2.global(15, "zxdg_shell_v6", 1)
[ 872954.193] wl_registry@2.global(16, "wl_shell", 1)
[ 872954.510] wl_registry@2.global(17, "weston_rdprail_shell", 1)
[ 872954.867] wl_registry@2.global(18, "weston_screenshooter", 1)
[ 872955.272] wl_registry@2.global(19, "wl_seat", 7)
[ 872955.673] wl_registry@2.global(20, "zwp_input_method_v1", 1)
[ 872956.254] wl_registry@2.global(21, "wl_output", 3)
[ 872956.937]  -> wl_display@1.sync(new id wl_callback@3)
[ 872957.358] wl_display@1.delete_id(3)
[ 872957.653] wl_callback@3.done(27)
[ 872971.078]  -> wl_display@1.get_registry(new id wl_registry@2)
[ 872971.540]  -> wl_display@1.sync(new id wl_callback@3)
[ 872971.966] wl_display@1.delete_id(3)
[ 872972.255] wl_registry@2.global(1, "wl_compositor", 4)
[ 872972.835] wl_registry@2.global(2, "wl_subcompositor", 1)
[ 872973.138] wl_registry@2.global(3, "wp_viewporter", 1)
[ 872973.421] wl_registry@2.global(4, "zxdg_output_manager_v1", 2)
[ 872973.681] wl_registry@2.global(5, "wp_presentation", 1)
[ 872973.976] wl_registry@2.global(6, "zwp_relative_pointer_manager_v1", 1)
[ 872974.238] wl_registry@2.global(7, "zwp_pointer_constraints_v1", 1)
[ 872974.520] wl_registry@2.global(8, "zwp_input_timestamps_manager_v1", 1)
[ 872974.837] wl_registry@2.global(9, "wl_data_device_manager", 3)
[ 872975.138] wl_registry@2.global(10, "wl_shm", 1)
[ 872975.482] wl_registry@2.global(11, "wl_output", 3)
[ 872975.787] wl_registry@2.global(12, "zwp_input_panel_v1", 1)
[ 872976.091] wl_registry@2.global(13, "zwp_text_input_manager_v1", 1)
[ 872976.428] wl_registry@2.global(14, "xdg_wm_base", 1)
[ 872976.742] wl_registry@2.global(15, "zxdg_shell_v6", 1)
[ 872977.042] wl_registry@2.global(16, "wl_shell", 1)
[ 872977.346] wl_registry@2.global(17, "weston_rdprail_shell", 1)
[ 872977.639] wl_registry@2.global(18, "weston_screenshooter", 1)
[ 872977.947] wl_registry@2.global(19, "wl_seat", 7)
[ 872978.274] wl_registry@2.global(20, "zwp_input_method_v1", 1)
[ 872978.581] wl_registry@2.global(21, "wl_output", 3)
[ 872979.083] wl_callback@3.done(27)
[ 872986.232]  -> wl_registry@2.bind(1, "wl_compositor", 4, new id [unknown]@3)
[ 872987.164]  -> wl_registry@2.bind(2, "wl_subcompositor", 1, new id [unknown]@4)
[ 872990.459]  -> wl_registry@2.bind(11, "wl_output", 3, new id [unknown]@5)
[ 872991.819]  -> wl_registry@2.bind(21, "wl_output", 3, new id [unknown]@6)
[ 872994.083]  -> wl_registry@2.bind(4, "zxdg_output_manager_v1", 2, new id [unknown]@7)
[ 873009.640]  -> zxdg_output_manager_v1@7.get_xdg_output(new id zxdg_output_v1@8, wl_output@5)
[ 873010.202]  -> zxdg_output_manager_v1@7.get_xdg_output(new id zxdg_output_v1@9, wl_output@6)
[ 873010.678]  -> wl_registry@2.bind(19, "wl_seat", 7, new id [unknown]@10)
[ 873012.116]  -> wl_registry@2.bind(10, "wl_shm", 1, new id [unknown]@11)
[ 873012.891]  -> wl_shm@11.create_pool(new id wl_shm_pool@12, fd 32, 2)
[ 873013.220]  -> wl_registry@2.bind(14, "xdg_wm_base", 1, new id [unknown]@13)
[ 873013.553]  -> wl_registry@2.bind(6, "zwp_relative_pointer_manager_v1", 1, new id [unknown]@14)
[ 873013.854]  -> wl_registry@2.bind(7, "zwp_pointer_constraints_v1", 1, new id [unknown]@15)
[ 873014.927]  -> wl_display@1.sync(new id wl_callback@16)
[ 873015.493] wl_display@1.delete_id(16)
[ 873020.151] wl_output@5.geometry(0, 0, 0, 0, 0, "weston", "rdp", 0)
[ 873020.607] wl_output@5.scale(1)
[ 873021.270] wl_output@5.mode(3, 2560, 1440, 60000)
[ 873021.736] wl_output@5.done()
[ 873022.154] wl_output@6.geometry(2560, 0, 521, 293, 0, "weston", "rdp", 0)
[ 873022.552] wl_output@6.scale(1)
[ 873022.866] wl_output@6.mode(3, 1920, 1080, 60000)
[ 873023.195] wl_output@6.done()
[ 873023.678] zxdg_output_v1@8.logical_position(0, 0)
[ 873024.939] zxdg_output_v1@8.logical_size(2560, 1440)
[ 873025.344] zxdg_output_v1@8.name("rdp-0")
[ 873025.842] zxdg_output_v1@8.done()
[ 873026.258] zxdg_output_v1@9.logical_position(2560, 0)
[ 873026.700] zxdg_output_v1@9.logical_size(1920, 1080)
[ 873027.050] zxdg_output_v1@9.name("rdp-2")
[ 873027.430] zxdg_output_v1@9.done()
[ 873027.761] wl_seat@10.capabilities(3)
[ 873028.095] wl_seat@10.name("RDP KYLE1")
[ 873028.363] wl_shm@11.format(0)
[ 873028.659] wl_shm@11.format(1)
[ 873028.919] wl_shm@11.format(909199186)
[ 873029.224] wl_callback@16.done(27)
[ 873029.733]  -> wl_seat@10.get_keyboard(new id wl_keyboard@16)
[ 873032.100]  -> wl_compositor@3.create_surface(new id wl_surface@17)
[ 873032.483]  -> wl_seat@10.get_pointer(new id wl_pointer@18)
[ 873032.791]  -> zwp_relative_pointer_manager_v1@14.get_relative_pointer(new id zwp_relative_pointer_v1@19, wl_pointer@18)
[ 873033.746]  -> wl_compositor@3.create_surface(new id wl_surface@20)
[ 873034.266]  -> xdg_wm_base@13.get_xdg_surface(new id xdg_surface@21, wl_surface@20)
[ 873034.541]  -> xdg_surface@21.get_toplevel(new id xdg_toplevel@22)
[ 873034.808]  -> wl_compositor@3.create_region(new id wl_region@23)
[ 873035.055]  -> wl_region@23.add(0, 0, 2147483647, 2147483647)
[ 873035.312]  -> wl_surface@20.set_opaque_region(wl_region@23)
[ 873035.607]  -> wl_region@23.destroy()
[ 873035.924]  -> xdg_toplevel@22.set_title("Kiln · Spectral — cornell-box")
[ 873036.170]  -> xdg_toplevel@22.set_min_size(2, 1)
[ 873036.415]  -> xdg_toplevel@22.set_max_size(0, 0)
[ 873036.649]  -> wl_surface@20.commit()
[ 873036.885]  -> wl_display@1.sync(new id wl_callback@24)
[ 873037.250] wl_display@1.delete_id(23)
[ 873037.499] wl_display@1.delete_id(24)
[ 873037.748] wl_keyboard@16.repeat_info(40, 400)
[ 873037.994] wl_keyboard@16.keymap(1, fd 34, 64756)
[ 873038.223] wl_callback@24.done(27)
[ 873038.464] xdg_toplevel@22.configure(0, 0, array[0])
[ 873038.701] xdg_surface@21.configure(28)
[ 873040.519]  -> xdg_surface@21.ack_configure(28)
[ 873043.472]  -> wl_shm@11.create_pool(new id wl_shm_pool@24, fd 35, 1)
[ 873043.840]  -> wl_compositor@3.create_surface(new id wl_surface@23)
[ 873044.125]  -> wl_subcompositor@4.get_subsurface(new id wl_subsurface@25, wl_surface@23, wl_surface@20)
[ 873044.387]  -> wl_subsurface@25.set_sync()
[ 873044.653]  -> wl_compositor@3.create_surface(new id wl_surface@26)
[ 873044.910]  -> wl_subcompositor@4.get_subsurface(new id wl_subsurface@27, wl_surface@26, wl_surface@20)
[ 873045.154]  -> wl_subsurface@27.set_sync()
[ 873045.395]  -> wl_compositor@3.create_surface(new id wl_surface@28)
[ 873045.631]  -> wl_subcompositor@4.get_subsurface(new id wl_subsurface@29, wl_surface@28, wl_surface@20)
[ 873045.886]  -> wl_subsurface@29.set_sync()
[ 873046.148]  -> wl_compositor@3.create_surface(new id wl_surface@30)
[ 873046.397]  -> wl_subcompositor@4.get_subsurface(new id wl_subsurface@31, wl_surface@30, wl_surface@20)
[ 873046.653]  -> wl_subsurface@31.set_sync()
[ 873046.934]  -> wl_compositor@3.create_surface(new id wl_surface@32)
[ 873047.212]  -> wl_subcompositor@4.get_subsurface(new id wl_subsurface@33, wl_surface@32, wl_surface@20)
[ 873047.489]  -> wl_subsurface@33.set_sync()
[ 873057.596]  -> wl_compositor@3.create_region(new id wl_region@34)
[ 873057.926]  -> wl_region@34.add(0, 0, 2147483647, 2147483647)
[ 873058.170]  -> wl_surface@20.set_opaque_region(wl_region@34)
[ 873058.407]  -> wl_region@34.destroy()
[ 873058.666]  -> xdg_surface@21.set_window_geometry(0, -35, 800, 635)
[ 873059.355]  -> wl_display@1.get_registry(new id wl_registry@35)
[ 873059.678]  -> wl_display@1.sync(new id wl_callback@36)
[ 873060.196] wl_display@1.delete_id(34)
[ 873060.503] wl_display@1.delete_id(36)
[ 873060.783] wl_registry@35.global(1, "wl_compositor", 4)
[ 873061.082] wl_registry@35.global(2, "wl_subcompositor", 1)
[ 873061.377] wl_registry@35.global(3, "wp_viewporter", 1)
[ 873061.645] wl_registry@35.global(4, "zxdg_output_manager_v1", 2)
[ 873061.881] wl_registry@35.global(5, "wp_presentation", 1)
[ 873062.105]  -> wl_registry@35.bind(5, "wp_presentation", 1, new id [unknown]@34)
[ 873062.344] wl_registry@35.global(6, "zwp_relative_pointer_manager_v1", 1)
[ 873062.571] wl_registry@35.global(7, "zwp_pointer_constraints_v1", 1)
[ 873062.803] wl_registry@35.global(8, "zwp_input_timestamps_manager_v1", 1)
[ 873063.027] wl_registry@35.global(9, "wl_data_device_manager", 3)
[ 873063.254] wl_registry@35.global(10, "wl_shm", 1)
[ 873063.477]  -> wl_registry@35.bind(10, "wl_shm", 1, new id [unknown]@37)
[ 873063.748] wl_registry@35.global(11, "wl_output", 3)
[ 873063.972] wl_registry@35.global(12, "zwp_input_panel_v1", 1)
[ 873064.197] wl_registry@35.global(13, "zwp_text_input_manager_v1", 1)
[ 873064.418] wl_registry@35.global(14, "xdg_wm_base", 1)
[ 873064.641] wl_registry@35.global(15, "zxdg_shell_v6", 1)
[ 873064.866] wl_registry@35.global(16, "wl_shell", 1)
[ 873065.089] wl_registry@35.global(17, "weston_rdprail_shell", 1)
[ 873065.310] wl_registry@35.global(18, "weston_screenshooter", 1)
[ 873065.550] wl_registry@35.global(19, "wl_seat", 7)
[ 873065.773] wl_registry@35.global(20, "zwp_input_method_v1", 1)
[ 873065.997] wl_registry@35.global(21, "wl_output", 3)
[ 873066.216] wl_callback@36.done(28)
[ 873066.445]  -> wl_display@1.sync(new id wl_callback@36)
[ 873066.746] wl_display@1.delete_id(36)
[ 873066.979] wp_presentation@34.clock_id(4)
[ 873067.251] wl_shm@37.format(0)
[ 873067.516] wl_shm@37.format(1)
[ 873067.810] wl_shm@37.format(909199186)
[ 873068.074] wl_callback@36.done(28)
[ 873068.337]  -> wp_presentation@34.destroy()
[ 873068.594]  -> wl_display@1.get_registry(new id wl_registry@36)
[ 873068.834]  -> wl_display@1.sync(new id wl_callback@38)
[ 873069.167] wl_display@1.delete_id(34)
[ 873069.413] wl_display@1.delete_id(38)
[ 873069.656] wl_registry@36.global(1, "wl_compositor", 4)
[ 873069.888] wl_registry@36.global(2, "wl_subcompositor", 1)
[ 873070.132] wl_registry@36.global(3, "wp_viewporter", 1)
[ 873070.370] wl_registry@36.global(4, "zxdg_output_manager_v1", 2)
[ 873070.609] wl_registry@36.global(5, "wp_presentation", 1)
[ 873070.837]  -> wl_registry@36.bind(5, "wp_presentation", 1, new id [unknown]@34)
[ 873071.074] wl_registry@36.global(6, "zwp_relative_pointer_manager_v1", 1)
[ 873071.313] wl_registry@36.global(7, "zwp_pointer_constraints_v1", 1)
[ 873071.543] wl_registry@36.global(8, "zwp_input_timestamps_manager_v1", 1)
[ 873071.791] wl_registry@36.global(9, "wl_data_device_manager", 3)
[ 873072.020] wl_registry@36.global(10, "wl_shm", 1)
[ 873072.272]  -> wl_registry@36.bind(10, "wl_shm", 1, new id [unknown]@39)
[ 873072.589] wl_registry@36.global(11, "wl_output", 3)
[ 873072.889] wl_registry@36.global(12, "zwp_input_panel_v1", 1)
[ 873073.139] wl_registry@36.global(13, "zwp_text_input_manager_v1", 1)
[ 873073.392] wl_registry@36.global(14, "xdg_wm_base", 1)
[ 873073.642] wl_registry@36.global(15, "zxdg_shell_v6", 1)
[ 873073.917] wl_registry@36.global(16, "wl_shell", 1)
[ 873074.215] wl_registry@36.global(17, "weston_rdprail_shell", 1)
[ 873074.490] wl_registry@36.global(18, "weston_screenshooter", 1)
[ 873074.755] wl_registry@36.global(19, "wl_seat", 7)
[ 873075.036] wl_registry@36.global(20, "zwp_input_method_v1", 1)
[ 873075.307] wl_registry@36.global(21, "wl_output", 3)
[ 873075.584] wl_callback@38.done(28)
[ 873075.901]  -> wl_display@1.sync(new id wl_callback@38)
[ 873076.225] wl_display@1.delete_id(38)
[ 873076.471] wp_presentation@34.clock_id(4)
[ 873076.701] wl_shm@39.format(0)
[ 873076.946] wl_shm@39.format(1)
[ 873077.175] wl_shm@39.format(909199186)
[ 873077.441] wl_callback@38.done(28)
[ 873077.705]  -> wp_presentation@34.destroy()
[ 873077.973]  -> wl_display@1.get_registry(new id wl_registry@38)
[ 873078.214]  -> wl_display@1.sync(new id wl_callback@40)
[ 873078.537] wl_display@1.delete_id(34)
[ 873078.765] wl_display@1.delete_id(40)
[ 873079.022] wl_registry@38.global(1, "wl_compositor", 4)
[ 873079.256] wl_registry@38.global(2, "wl_subcompositor", 1)
[ 873079.484] wl_registry@38.global(3, "wp_viewporter", 1)
[ 873079.750] wl_registry@38.global(4, "zxdg_output_manager_v1", 2)
[ 873079.981] wl_registry@38.global(5, "wp_presentation", 1)
[ 873080.211]  -> wl_registry@38.bind(5, "wp_presentation", 1, new id [unknown]@34)
[ 873080.487] wl_registry@38.global(6, "zwp_relative_pointer_manager_v1", 1)
[ 873080.730] wl_registry@38.global(7, "zwp_pointer_constraints_v1", 1)
[ 873080.980] wl_registry@38.global(8, "zwp_input_timestamps_manager_v1", 1)
[ 873081.269] wl_registry@38.global(9, "wl_data_device_manager", 3)
[ 873081.521] wl_registry@38.global(10, "wl_shm", 1)
[ 873081.770]  -> wl_registry@38.bind(10, "wl_shm", 1, new id [unknown]@41)
[ 873082.026] wl_registry@38.global(11, "wl_output", 3)
[ 873082.292] wl_registry@38.global(12, "zwp_input_panel_v1", 1)
[ 873082.552] wl_registry@38.global(13, "zwp_text_input_manager_v1", 1)
[ 873082.793] wl_registry@38.global(14, "xdg_wm_base", 1)
[ 873083.031] wl_registry@38.global(15, "zxdg_shell_v6", 1)
[ 873083.262] wl_registry@38.global(16, "wl_shell", 1)
[ 873083.498] wl_registry@38.global(17, "weston_rdprail_shell", 1)
[ 873083.759] wl_registry@38.global(18, "weston_screenshooter", 1)
[ 873083.995] wl_registry@38.global(19, "wl_seat", 7)
[ 873084.224] wl_registry@38.global(20, "zwp_input_method_v1", 1)
[ 873084.458] wl_registry@38.global(21, "wl_output", 3)
[ 873084.690] wl_callback@40.done(28)
[ 873084.924]  -> wl_display@1.sync(new id wl_callback@40)
[ 873085.224] wl_display@1.delete_id(40)
[ 873085.454] wp_presentation@34.clock_id(4)
[ 873085.682] wl_shm@41.format(0)
[ 873085.913] wl_shm@41.format(1)
[ 873086.138] wl_shm@41.format(909199186)
[ 873086.392] wl_callback@40.done(28)
[ 873086.618]  -> wp_presentation@34.destroy()
[ 873086.858]  -> wl_display@1.get_registry(new id wl_registry@40)
[ 873087.085]  -> wl_display@1.sync(new id wl_callback@42)
[ 873087.386] wl_display@1.delete_id(34)
[ 873087.640] wl_display@1.delete_id(42)
[ 873087.924] wl_registry@40.global(1, "wl_compositor", 4)
[ 873088.265] wl_registry@40.global(2, "wl_subcompositor", 1)
[ 873088.542] wl_registry@40.global(3, "wp_viewporter", 1)
[ 873088.831] wl_registry@40.global(4, "zxdg_output_manager_v1", 2)
[ 873089.132] wl_registry@40.global(5, "wp_presentation", 1)
[ 873089.420]  -> wl_registry@40.bind(5, "wp_presentation", 1, new id [unknown]@34)
[ 873089.691] wl_registry@40.global(6, "zwp_relative_pointer_manager_v1", 1)
[ 873089.979] wl_registry@40.global(7, "zwp_pointer_constraints_v1", 1)
[ 873090.227] wl_registry@40.global(8, "zwp_input_timestamps_manager_v1", 1)
[ 873090.496] wl_registry@40.global(9, "wl_data_device_manager", 3)
[ 873090.746] wl_registry@40.global(10, "wl_shm", 1)
[ 873091.032]  -> wl_registry@40.bind(10, "wl_shm", 1, new id [unknown]@43)
[ 873091.317] wl_registry@40.global(11, "wl_output", 3)
[ 873091.576] wl_registry@40.global(12, "zwp_input_panel_v1", 1)
[ 873091.904] wl_registry@40.global(13, "zwp_text_input_manager_v1", 1)
[ 873092.152] wl_registry@40.global(14, "xdg_wm_base", 1)
[ 873092.403] wl_registry@40.global(15, "zxdg_shell_v6", 1)
[ 873092.651] wl_registry@40.global(16, "wl_shell", 1)
[ 873092.896] wl_registry@40.global(17, "weston_rdprail_shell", 1)
[ 873093.129] wl_registry@40.global(18, "weston_screenshooter", 1)
[ 873093.371] wl_registry@40.global(19, "wl_seat", 7)
[ 873093.598] wl_registry@40.global(20, "zwp_input_method_v1", 1)
[ 873093.840] wl_registry@40.global(21, "wl_output", 3)
[ 873094.085] wl_callback@42.done(28)
[ 873094.338]  -> wl_display@1.sync(new id wl_callback@42)
[ 873094.686] wl_display@1.delete_id(42)
[ 873094.944] wp_presentation@34.clock_id(4)
[ 873095.221] wl_shm@43.format(0)
[ 873095.470] wl_shm@43.format(1)
[ 873095.771] wl_shm@43.format(909199186)
[ 873096.146] wl_callback@42.done(28)
[ 873096.489]  -> wl_shm@43.create_pool(new id wl_shm_pool@42, fd 36, 1920000)
[ 873096.786]  -> wl_shm_pool@42.create_buffer(new id wl_buffer@44, 0, 800, 600, 3200, 1)
[ 873097.101]  -> wl_shm_pool@42.destroy()
[ 873097.498]  -> wl_shm@43.create_pool(new id wl_shm_pool@45, fd 38, 1920000)
[ 873097.863]  -> wl_shm_pool@45.create_buffer(new id wl_buffer@46, 0, 800, 600, 3200, 1)
[ 873099.160]  -> wl_shm_pool@45.destroy()
[ 873101.809]  -> wl_shm@43.create_pool(new id wl_shm_pool@47, fd 40, 1920000)
[ 873102.319]  -> wl_shm_pool@47.create_buffer(new id wl_buffer@48, 0, 800, 600, 3200, 1)
[ 873102.843]  -> wl_shm_pool@47.destroy()
[ 873103.375]  -> wl_shm@43.create_pool(new id wl_shm_pool@49, fd 42, 1920000)
[ 873104.324]  -> wl_shm_pool@49.create_buffer(new id wl_buffer@50, 0, 800, 600, 3200, 1)
[ 873105.577]  -> wl_shm_pool@49.destroy()
spectral GPU scene: 32 triangles, 5 materials, 1 lights, light spectrum A (1024 texels)
[ 874147.487]  -> wl_shm_pool@24.resize(156288)
[ 874147.791]  -> wl_shm_pool@24.create_buffer(new id wl_buffer@51, 0, 888, 44, 3552, 0)
[ 874148.356]  -> wl_subsurface@25.set_sync()
[ 874148.621]  -> wl_surface@23.set_buffer_scale(1)
[ 874148.866]  -> wl_subsurface@25.set_position(-44, -79)
[ 874149.192]  -> wl_surface@23.attach(wl_buffer@51, 0, 0)
[ 874149.494]  -> wl_surface@23.damage_buffer(0, 0, 2147483647, 2147483647)
[ 874149.798]  -> wl_compositor@3.create_region(new id wl_region@52)
[ 874150.286]  -> wl_region@52.add(32, 32, 824, 12)
[ 874150.624]  -> wl_surface@23.set_input_region(wl_region@52)
[ 874150.936]  -> wl_region@52.destroy()
[ 874151.265]  -> wl_surface@23.commit()
[ 874151.551]  -> wl_shm_pool@24.resize(312576)
[ 874151.852]  -> wl_shm_pool@24.create_buffer(new id wl_buffer@53, 156288, 44, 635, 176, 0)
[ 874152.811]  -> wl_subsurface@27.set_sync()
[ 874153.072]  -> wl_surface@26.set_buffer_scale(1)
[ 874153.310]  -> wl_subsurface@27.set_position(-44, -35)
[ 874153.554]  -> wl_surface@26.attach(wl_buffer@53, 0, 0)
[ 874153.801]  -> wl_surface@26.damage_buffer(0, 0, 2147483647, 2147483647)
[ 874154.033]  -> wl_compositor@3.create_region(new id wl_region@54)
[ 874154.270]  -> wl_region@54.add(32, 0, 12, 635)
[ 874154.498]  -> wl_surface@26.set_input_region(wl_region@54)
[ 874154.728]  -> wl_region@54.destroy()
[ 874154.959]  -> wl_surface@26.commit()
[ 874155.204]  -> wl_shm_pool@24.resize(625152)
[ 874155.454]  -> wl_shm_pool@24.create_buffer(new id wl_buffer@55, 268096, 44, 635, 176, 0)
[ 874155.818]  -> wl_subsurface@29.set_sync()
[ 874156.043]  -> wl_surface@28.set_buffer_scale(1)
[ 874156.264]  -> wl_subsurface@29.set_position(800, -35)
[ 874156.488]  -> wl_surface@28.attach(wl_buffer@55, 0, 0)
[ 874156.720]  -> wl_surface@28.damage_buffer(0, 0, 2147483647, 2147483647)
[ 874156.971]  -> wl_compositor@3.create_region(new id wl_region@56)
[ 874157.234]  -> wl_region@56.add(0, 0, 12, 635)
[ 874157.499]  -> wl_surface@28.set_input_region(wl_region@56)
[ 874157.735]  -> wl_region@56.destroy()
[ 874157.984]  -> wl_surface@28.commit()
[ 874158.243]  -> wl_shm_pool@24.create_buffer(new id wl_buffer@57, 379904, 888, 44, 3552, 0)
[ 874158.638]  -> wl_subsurface@31.set_sync()
[ 874158.882]  -> wl_surface@30.set_buffer_scale(1)
[ 874159.150]  -> wl_subsurface@31.set_position(-44, 600)
[ 874159.390]  -> wl_surface@30.attach(wl_buffer@57, 0, 0)
[ 874159.629]  -> wl_surface@30.damage_buffer(0, 0, 2147483647, 2147483647)
[ 874159.865]  -> wl_compositor@3.create_region(new id wl_region@58)
[ 874160.089]  -> wl_region@58.add(32, 0, 824, 12)
[ 874160.315]  -> wl_surface@30.set_input_region(wl_region@58)
[ 874160.539]  -> wl_region@58.destroy()
[ 874160.762]  -> wl_surface@30.commit()
[ 874161.029]  -> wl_shm_pool@24.resize(1250304)
[ 874161.306]  -> wl_shm_pool@24.create_buffer(new id wl_buffer@59, 536192, 802, 35, 3208, 0)
[ 874162.725]  -> wl_subsurface@33.set_sync()
[ 874162.976]  -> wl_surface@32.set_buffer_scale(1)
[ 874163.223]  -> wl_subsurface@33.set_position(-1, -35)
[ 874163.456]  -> wl_surface@32.attach(wl_buffer@59, 0, 0)
[ 874163.682]  -> wl_surface@32.damage_buffer(0, 0, 2147483647, 2147483647)
[ 874164.004]  -> wl_surface@32.commit()
spectral path tracer reset: 800x600 film (800x600 display), target spp=1024, passes/frame=1, materials=5, lights=1
[ 874350.617]  -> wl_surface@20.attach(wl_buffer@44, 0, 0)
[ 874350.965]  -> wl_surface@20.damage_buffer(0, 0, 2147483647, 2147483647)
[ 874351.263]  -> wl_surface@20.frame(new id wl_callback@60)
[ 874351.562]  -> wl_surface@20.commit()
[ 874352.055] wl_display@1.delete_id(42)
[ 874352.306] wl_display@1.delete_id(45)
[ 874352.568] wl_display@1.delete_id(47)
[ 874352.814] wl_display@1.delete_id(49)
[ 874353.045] wl_display@1.delete_id(52)
[ 874353.274] wl_display@1.delete_id(54)
[ 874353.502] wl_display@1.delete_id(56)
[ 874353.726] wl_display@1.delete_id(58)
[ 874353.952] wl_surface@20.enter(wl_output@5)
[ 874354.181] wl_keyboard@16.enter(30, wl_surface@20, array[0])
[ 874354.417] wl_keyboard@16.modifiers(30, 0, 0, 0, 0)
[ 874354.658] xdg_toplevel@22.configure(0, 0, array[4])
[ 874354.887] xdg_surface@21.configure(31)
[ 874355.145]  -> xdg_surface@21.ack_configure(31)
[ 874355.407]  -> wl_shm_pool@24.create_buffer(new id wl_buffer@58, 648512, 888, 44, 3552, 0)
[ 874355.878]  -> wl_subsurface@25.set_desync()
[ 874356.123]  -> wl_surface@23.set_buffer_scale(1)
[ 874356.365]  -> wl_subsurface@25.set_position(-44, -79)
[ 874356.594]  -> wl_surface@23.attach(wl_buffer@58, 0, 0)
[ 874356.830]  -> wl_surface@23.damage_buffer(0, 0, 2147483647, 2147483647)
[ 874357.058]  -> wl_compositor@3.create_region(new id wl_region@56)
[ 874357.290]  -> wl_region@56.add(32, 32, 824, 12)
[ 874357.529]  -> wl_surface@23.set_input_region(wl_region@56)
[ 874357.759]  -> wl_region@56.destroy()
[ 874357.983]  -> wl_surface@23.commit()
[ 874358.262]  -> wl_shm_pool@24.create_buffer(new id wl_buffer@54, 804800, 44, 635, 176, 0)
[ 874358.581]  -> wl_subsurface@27.set_desync()
[ 874358.871]  -> wl_surface@26.set_buffer_scale(1)
[ 874359.173]  -> wl_subsurface@27.set_position(-44, -35)
[ 874359.483]  -> wl_surface@26.attach(wl_buffer@54, 0, 0)
[ 874359.806]  -> wl_surface@26.damage_buffer(0, 0, 2147483647, 2147483647)
[ 874360.068]  -> wl_compositor@3.create_region(new id wl_region@52)
[ 874360.332]  -> wl_region@52.add(32, 0, 12, 635)
[ 874360.601]  -> wl_surface@26.set_input_region(wl_region@52)
[ 874360.858]  -> wl_region@52.destroy()
[ 874361.166]  -> wl_surface@26.commit()
[ 874361.521]  -> wl_shm_pool@24.create_buffer(new id wl_buffer@49, 916608, 44, 635, 176, 0)
[ 874362.003]  -> wl_subsurface@29.set_desync()
[ 874362.696]  -> wl_surface@28.set_buffer_scale(1)
[ 874363.022]  -> wl_subsurface@29.set_position(800, -35)
[ 874363.365]  -> wl_surface@28.attach(wl_buffer@49, 0, 0)
[ 874363.746]  -> wl_surface@28.damage_buffer(0, 0, 2147483647, 2147483647)
[ 874364.089]  -> wl_compositor@3.create_region(new id wl_region@47)
[ 874364.425]  -> wl_region@47.add(0, 0, 12, 635)
[ 874364.733]  -> wl_surface@28.set_input_region(wl_region@47)
[ 874365.057]  -> wl_region@47.destroy()
[ 874366.115]  -> wl_surface@28.commit()
[ 874366.719]  -> wl_shm_pool@24.create_buffer(new id wl_buffer@45, 1028416, 888, 44, 3552, 0)
[ 874367.250]  -> wl_subsurface@31.set_desync()
[ 874367.704]  -> wl_surface@30.set_buffer_scale(1)
[ 874368.029]  -> wl_subsurface@31.set_position(-44, 600)
[ 874368.423]  -> wl_surface@30.attach(wl_buffer@45, 0, 0)
[ 874368.795]  -> wl_surface@30.damage_buffer(0, 0, 2147483647, 2147483647)
[ 874369.213]  -> wl_compositor@3.create_region(new id wl_region@42)
[ 874369.561]  -> wl_region@42.add(32, 0, 824, 12)
[ 874369.940]  -> wl_surface@30.set_input_region(wl_region@42)
[ 874370.256]  -> wl_region@42.destroy()
[ 874370.564]  -> wl_surface@30.commit()
[ 874371.641]  -> wl_shm_pool@24.resize(2500608)
[ 874374.810]  -> wl_shm_pool@24.create_buffer(new id wl_buffer@61, 1184704, 802, 35, 3208, 0)
[ 874381.920]  -> wl_subsurface@33.set_desync()
[ 874384.749]  -> wl_surface@32.set_buffer_scale(1)
[ 874389.445]  -> wl_subsurface@33.set_position(-1, -35)
[ 874391.519]  -> wl_surface@32.attach(wl_buffer@61, 0, 0)
[ 874419.923]  -> wl_surface@32.damage_buffer(0, 0, 2147483647, 2147483647)
[ 874432.516]  -> wl_surface@32.commit()
[ 874636.883] wl_display@1.delete_id(60)
[ 874637.268] wl_callback@60.done(5180393)
[ 874637.585]  -> wl_surface@20.attach(wl_buffer@46, 0, 0)
[ 874637.980]  -> wl_surface@20.damage_buffer(0, 0, 2147483647, 2147483647)
[ 874638.292]  -> wl_surface@20.frame(new id wl_callback@60)
[ 874638.561]  -> wl_surface@20.commit()
[ 874638.855] wl_surface@32.enter(wl_output@5)
[ 874639.128] wl_surface@30.enter(wl_output@5)
[ 874639.377] wl_surface@28.enter(wl_output@5)
[ 874639.655] wl_surface@26.enter(wl_output@5)
[ 874639.895] wl_surface@23.enter(wl_output@5)
[ 874640.154] wl_pointer@18.enter(32, wl_surface@20, 269.00000000, 236.00000000)
[ 874640.409] wl_pointer@18.frame()
[ 874640.647] xdg_wm_base@13.ping(33)
[ 874640.882] wl_pointer@18.motion(125428457, 561.00000000, 485.00000000)
[ 874641.149] wl_pointer@18.frame()
[ 874641.377] wl_pointer@18.motion(125428578, 562.00000000, 485.00000000)
[ 874641.621] wl_pointer@18.frame()
[ 874641.848] wl_pointer@18.motion(125428578, 563.00000000, 485.00000000)
[ 874642.117] wl_pointer@18.frame()
[ 874642.363] wl_pointer@18.motion(125428599, 564.00000000, 485.00000000)
[ 874642.606] wl_pointer@18.frame()
[ 874642.976] wl_pointer@18.motion(125428599, 565.00000000, 485.00000000)
[ 874643.226] wl_pointer@18.frame()
[ 874643.545] wl_pointer@18.motion(125428599, 566.00000000, 485.00000000)
[ 874643.875] wl_pointer@18.frame()
[ 874644.186] wl_pointer@18.motion(125428599, 566.00000000, 486.00000000)
[ 874644.474] wl_pointer@18.frame()
[ 874644.747] wl_pointer@18.motion(125428599, 567.00000000, 486.00000000)
[ 874645.040] wl_pointer@18.frame()
[ 874645.278] wl_pointer@18.motion(125428599, 567.00000000, 487.00000000)
[ 874645.560] wl_pointer@18.frame()
[ 874645.820] wl_pointer@18.motion(125428599, 569.00000000, 487.00000000)
[ 874646.108] wl_pointer@18.frame()
[ 874646.348] wl_pointer@18.motion(125428599, 570.00000000, 487.00000000)
[ 874646.584] wl_pointer@18.frame()
[ 874646.812] wl_pointer@18.motion(125428599, 571.00000000, 487.00000000)
[ 874647.053] wl_pointer@18.frame()
[ 874647.282] wl_pointer@18.motion(125428599, 572.00000000, 488.00000000)
[ 874647.523] wl_pointer@18.frame()
[ 874647.778] wl_pointer@18.motion(125428599, 574.00000000, 489.00000000)
[ 874648.028] wl_pointer@18.frame()
[ 874648.269] wl_pointer@18.motion(125428615, 575.00000000, 489.00000000)
[ 874648.515] wl_pointer@18.frame()
[ 874648.734] wl_pointer@18.motion(125428615, 577.00000000, 489.00000000)
[ 874648.969] wl_pointer@18.frame()
[ 874649.219] wl_pointer@18.motion(125428615, 578.00000000, 489.00000000)
[ 874649.457] wl_pointer@18.frame()
[ 874649.680] wl_pointer@18.motion(125428615, 579.00000000, 490.00000000)
[ 874650.046] wl_pointer@18.frame()
[ 874650.300] wl_pointer@18.motion(125428615, 581.00000000, 490.00000000)
[ 874650.559] wl_pointer@18.frame()
[ 874650.829] wl_pointer@18.motion(125428615, 583.00000000, 491.00000000)
[ 874651.127] wl_pointer@18.frame()
[ 874651.407] wl_pointer@18.motion(125428615, 584.00000000, 491.00000000)
[ 874651.662] wl_pointer@18.frame()
[ 874651.963] wl_pointer@18.motion(125428615, 585.00000000, 491.00000000)
[ 874652.235] wl_pointer@18.frame()
[ 874652.464] wl_pointer@18.motion(125428615, 586.00000000, 491.00000000)
[ 874652.701] wl_pointer@18.frame()
[ 874652.950] wl_pointer@18.motion(125428615, 589.00000000, 492.00000000)
[ 874653.254] wl_pointer@18.frame()
[ 874653.540] wl_pointer@18.motion(125428615, 590.00000000, 493.00000000)
[ 874653.915] wl_pointer@18.frame()
[ 874654.223] wl_pointer@18.motion(125428615, 593.00000000, 493.00000000)
[ 874654.509] wl_pointer@18.frame()
[ 874654.793] wl_pointer@18.motion(125428615, 595.00000000, 494.00000000)
[ 874655.112] wl_pointer@18.frame()
[ 874655.454] wl_pointer@18.motion(125428615, 597.00000000, 494.00000000)
[ 874656.202] wl_pointer@18.frame()
[ 874656.531] wl_pointer@18.motion(125428615, 598.00000000, 494.00000000)
[ 874656.817] wl_pointer@18.frame()
[ 874657.174] wl_pointer@18.motion(125428615, 599.00000000, 494.00000000)
[ 874657.468] wl_pointer@18.frame()
[ 874657.739] wl_pointer@18.motion(125428630, 602.00000000, 494.00000000)
[ 874658.073] wl_pointer@18.frame()
[ 874658.417] wl_pointer@18.motion(125428630, 604.00000000, 495.00000000)
[ 874658.818] wl_pointer@18.frame()
[ 874659.195] wl_pointer@18.motion(125428630, 605.00000000, 495.00000000)
[ 874659.577] wl_pointer@18.frame()
[ 874659.996] wl_pointer@18.motion(125428630, 607.00000000, 496.00000000)
[ 874660.352] wl_pointer@18.frame()
[ 874660.665] wl_pointer@18.motion(125428630, 610.00000000, 496.00000000)
[ 874661.027] wl_pointer@18.frame()
[ 874661.381] wl_pointer@18.motion(125428630, 612.00000000, 496.00000000)
[ 874661.718] wl_pointer@18.frame()
[ 874662.030] wl_pointer@18.motion(125428630, 615.00000000, 496.00000000)
[ 874662.338] wl_pointer@18.frame()
[ 874662.633] wl_pointer@18.motion(125428630, 616.00000000, 496.00000000)
[ 874662.988] wl_pointer@18.frame()
[ 874663.304] wl_pointer@18.motion(125428630, 619.00000000, 496.00000000)
[ 874663.612] wl_pointer@18.frame()
[ 874663.933] wl_pointer@18.motion(125428630, 623.00000000, 496.00000000)
[ 874664.256] wl_pointer@18.frame()
[ 874664.589] wl_pointer@18.motion(125428630, 626.00000000, 497.00000000)
[ 874664.900] wl_pointer@18.frame()
[ 874665.224] wl_pointer@18.motion(125428630, 628.00000000, 497.00000000)
[ 874665.554] wl_pointer@18.frame()
[ 874666.054] wl_pointer@18.motion(125428630, 631.00000000, 497.00000000)
[ 874666.595] wl_pointer@18.frame()
[ 874667.058] wl_pointer@18.motion(125428630, 634.00000000, 497.00000000)
[ 874667.542] wl_pointer@18.frame()
[ 874667.946] wl_pointer@18.motion(125428630, 635.00000000, 497.00000000)
[ 874668.313] wl_pointer@18.frame()
[ 874668.617] wl_pointer@18.motion(125428630, 638.00000000, 498.00000000)
[ 874668.954] wl_pointer@18.frame()
[ 874669.355] wl_pointer@18.motion(125428646, 641.00000000, 498.00000000)
[ 874669.692] wl_pointer@18.frame()
[ 874670.189] wl_pointer@18.motion(125428646, 644.00000000, 498.00000000)
[ 874670.600] wl_pointer@18.frame()
[ 874670.927] wl_pointer@18.motion(125428646, 647.00000000, 498.00000000)
[ 874671.373] wl_pointer@18.frame()
[ 874671.781] wl_pointer@18.motion(125428646, 648.00000000, 498.00000000)
[ 874672.427] wl_pointer@18.frame()
[ 874673.018] wl_pointer@18.motion(125428646, 653.00000000, 498.00000000)
[ 874673.319] wl_pointer@18.frame()
[ 874673.630] wl_pointer@18.motion(125428646, 657.00000000, 498.00000000)
[ 874673.965] wl_pointer@18.frame()
[ 874674.276] wl_pointer@18.motion(125428646, 659.00000000, 498.00000000)
[ 874674.586] wl_pointer@18.frame()
[ 874674.905] wl_pointer@18.motion(125428646, 660.00000000, 498.00000000)
[ 874675.194] wl_pointer@18.frame()
[ 874675.497] wl_pointer@18.motion(125428646, 666.00000000, 498.00000000)
[ 874675.820] wl_pointer@18.frame()
[ 874676.106] wl_pointer@18.motion(125428646, 669.00000000, 498.00000000)
[ 874676.423] wl_pointer@18.frame()
[ 874676.843] wl_pointer@18.motion(125428646, 671.00000000, 498.00000000)
[ 874677.126] wl_pointer@18.frame()
[ 874677.419] wl_pointer@18.motion(125428646, 675.00000000, 499.00000000)
[ 874677.800] wl_pointer@18.frame()
[ 874678.149] wl_pointer@18.motion(125428646, 678.00000000, 499.00000000)
[ 874678.465] wl_pointer@18.frame()
[ 874678.842] wl_pointer@18.motion(125428646, 680.00000000, 499.00000000)
[ 874679.175] wl_pointer@18.frame()
[ 874679.657] wl_pointer@18.motion(125428646, 681.00000000, 499.00000000)
[ 874680.027] wl_pointer@18.frame()
[ 874680.439] wl_pointer@18.motion(125428646, 682.00000000, 499.00000000)
[ 874680.822] wl_pointer@18.frame()
[ 874681.208] wl_pointer@18.motion(125428647, 686.00000000, 499.00000000)
[ 874681.658] wl_pointer@18.frame()
[ 874681.956] wl_pointer@18.motion(125428647, 689.00000000, 499.00000000)
[ 874682.282] wl_pointer@18.frame()
[ 874682.593] wl_pointer@18.motion(125428647, 691.00000000, 499.00000000)
[ 874682.897] wl_pointer@18.frame()
[ 874683.205] wl_pointer@18.motion(125428647, 693.00000000, 499.00000000)
[ 874683.496] wl_pointer@18.frame()
[ 874683.800] wl_pointer@18.motion(125428647, 695.00000000, 499.00000000)
[ 874684.079] wl_pointer@18.frame()
[ 874684.392] wl_pointer@18.motion(125428647, 696.00000000, 499.00000000)
[ 874684.768] wl_pointer@18.frame()
[ 874685.079] wl_pointer@18.motion(125428647, 698.00000000, 499.00000000)
[ 874685.399] wl_pointer@18.frame()
[ 874685.838] wl_pointer@18.motion(125428647, 700.00000000, 500.00000000)
[ 874686.280] wl_pointer@18.frame()
[ 874686.689] wl_pointer@18.motion(125428647, 701.00000000, 500.00000000)
[ 874686.996] wl_pointer@18.frame()
[ 874687.304] wl_pointer@18.motion(125428647, 702.00000000, 500.00000000)
[ 874687.613] wl_pointer@18.frame()
[ 874687.895] wl_pointer@18.motion(125428647, 703.00000000, 500.00000000)
[ 874688.191] wl_pointer@18.frame()
[ 874688.483] wl_pointer@18.motion(125428647, 704.00000000, 501.00000000)
[ 874688.762] wl_pointer@18.frame()
[ 874689.059] wl_pointer@18.motion(125428647, 705.00000000, 501.00000000)
[ 874689.371] wl_pointer@18.frame()
[ 874689.664] wl_pointer@18.motion(125428647, 706.00000000, 501.00000000)
[ 874689.934] wl_pointer@18.frame()
[ 874690.245] wl_pointer@18.motion(125428663, 707.00000000, 501.00000000)
[ 874690.528] wl_pointer@18.frame()
[ 874690.822] wl_pointer@18.motion(125428663, 708.00000000, 501.00000000)
[ 874691.185] wl_pointer@18.frame()
[ 874691.664] wl_pointer@18.motion(125428663, 709.00000000, 501.00000000)
[ 874692.024] wl_pointer@18.frame()
[ 874692.484] wl_pointer@18.motion(125428663, 710.00000000, 501.00000000)
[ 874692.880] wl_pointer@18.frame()
[ 874693.268] wl_pointer@18.motion(125428663, 711.00000000, 501.00000000)
[ 874693.719] wl_pointer@18.frame()
[ 874694.059] wl_pointer@18.motion(125428663, 713.00000000, 501.00000000)
[ 874694.389] wl_pointer@18.frame()
[ 874694.702] wl_pointer@18.motion(125428663, 714.00000000, 501.00000000)
[ 874694.994] wl_pointer@18.frame()
[ 874695.284] wl_pointer@18.motion(125428663, 715.00000000, 501.00000000)
[ 874695.578] wl_pointer@18.frame()
[ 874695.873] wl_pointer@18.motion(125428663, 716.00000000, 501.00000000)
[ 874696.175] wl_pointer@18.frame()
[ 874696.439] wl_pointer@18.motion(125428663, 717.00000000, 501.00000000)
[ 874696.730] wl_pointer@18.frame()
[ 874697.003] wl_pointer@18.motion(125428663, 718.00000000, 501.00000000)
[ 874697.323] wl_pointer@18.frame()
[ 874697.646] wl_pointer@18.motion(125428679, 719.00000000, 501.00000000)
[ 874697.962] wl_pointer@18.frame()
[ 874698.297] wl_pointer@18.motion(125428679, 720.00000000, 501.00000000)
[ 874698.667] wl_pointer@18.frame()
[ 874699.147] wl_pointer@18.motion(125428679, 721.00000000, 501.00000000)
[ 874699.517] wl_pointer@18.frame()
[ 874699.926] wl_pointer@18.motion(125428679, 722.00000000, 501.00000000)
[ 874700.363] wl_pointer@18.frame()
[ 874700.741] wl_pointer@18.motion(125428679, 722.00000000, 500.00000000)
[ 874701.430] wl_pointer@18.frame()
[ 874701.791] wl_pointer@18.motion(125428679, 723.00000000, 500.00000000)
[ 874702.175] wl_pointer@18.frame()
[ 874702.547] wl_pointer@18.motion(125428679, 723.00000000, 499.00000000)
[ 874702.885] wl_pointer@18.frame()
[ 874703.287]  -> wl_shm@11.create_pool(new id wl_shm_pool@62, fd 38, 1024)
[ 874703.768]  -> wl_shm_pool@62.resize(3328)
[ 874704.152]  -> wl_shm_pool@62.create_buffer(new id wl_buffer@63, 1024, 24, 24, 96, 0)
[ 874704.500]  -> wl_surface@17.set_buffer_scale(1)
[ 874704.806]  -> wl_surface@17.attach(wl_buffer@63, 0, 0)
[ 874705.309]  -> wl_surface@17.damage_buffer(0, 0, 24, 24)
[ 874705.856]  -> wl_surface@17.commit()
[ 874706.196]  -> wl_pointer@18.set_cursor(32, wl_surface@17, 3, 1)
[ 874706.677]  -> xdg_wm_base@13.pong(33)
[ 874707.463]  -> wl_surface@17.set_buffer_scale(1)
[ 874707.914]  -> wl_surface@17.attach(wl_buffer@63, 0, 0)
[ 874708.280]  -> wl_surface@17.damage_buffer(0, 0, 24, 24)
[ 874708.571]  -> wl_surface@17.commit()
[ 874708.855]  -> wl_pointer@18.set_cursor(32, wl_surface@17, 3, 1)
[ 874709.203]  -> wl_surface@17.set_buffer_scale(1)
[ 874709.522]  -> wl_surface@17.attach(wl_buffer@63, 0, 0)
[ 874709.813]  -> wl_surface@17.damage_buffer(0, 0, 24, 24)
[ 874710.136]  -> wl_surface@17.commit()
[ 874710.432]  -> wl_pointer@18.set_cursor(32, wl_surface@17, 3, 1)
[ 874909.341] wl_display@1.delete_id(56)
[ 874909.690] wl_display@1.delete_id(52)
[ 874910.143] wl_display@1.delete_id(47)
[ 874910.502] wl_display@1.delete_id(42)
[ 874910.842] wl_buffer@44.release()
Io error: Connection reset by peer (os error 104)
Io error: Connection reset by peer (os error 104)
Error: ExitFailure(1)
